Install on 23ai virtualbox

virtualbox is pointing incorrectly to phoenix-1 oci yum server

su to login as root

cd /etc/dnf/vars/
ls

edit oci-region.. remove contents from file so repos are accessed at default public yum server
/etc/dnf/vars/oci-region     current contents:  -us-phoenix-1  just remove this


#install prerequisites

yum install perl-Env libffi-devel openssl openssl-devel tk-devel xz-devel zlib-devel bzip2-devel readline-devel libuuid-devel ncurses-devel


exit root


cd /home/oracle/
mkdir ./python


#install python

wget https://www.python.org/ftp/python/3.12.0/Python-3.12.0.tar.xz

tar xvf Python-3.12.0.tar.xz

pwd
/home/oracle/python

export PREFIX=`pwd`/Python-3.12.0
cd $PREFIX
./configure --prefix=$PREFIX --enable-shared --enable-optimizations

make clean; make
make altinstall


echo $PREFIX
/home/oracle/python/Python-3.12.0

export PREFIX=`pwd`/Python-3.12.0
export PYTHONHOME=$PREFIX
export PATH=$PYTHONHOME/bin:$PATH
export LD_LIBRARY_PATH=$PYTHONHOME/lib:$LD_LIBRARY_PATH



cd $PYTHONHOME/bin 
pwd
ln -s python3.12 python3


verify that python3 is linked properly..
cd /home/oracle/python
python3

[oracle@localhost python]$ cd /home/oracle/python
[oracle@localhost python]$ pwd
/home/oracle/python
[oracle@localhost python]$ python3
Python 3.12.0 (main, Aug 10 2024, 12:07:36) [GCC 8.5.0 20210514 (Red Hat 8.5.0-22.0.1)] on linux
Type "help", "copyright", "credits" or "license" for more information.
>>> 
ctrl-d to exit


after python3.12 is successfully installed

python3 -m pip install --upgrade pip


install python packages
(install gcc-c++ first to avoid error in matplotlib)

pip3.12 install pandas==2.1.1
pip3.12 install scipy==1.11.3   
pip3.12 install matplotlib==3.7.2
pip3.12 install oracledb==2.0.1
pip3.12 install threadpoolctl==3.1.0
pip3.12 install joblib==1.2.0
pip3.12 install setuptools
pip3.12 install scipy==1.12.0
pip3.12 install scikit-learn==1.3

pip3.12 install onnx
pip3.12 install onnxruntime_extensions
pip3.12 install onnxruntime
pip3.12 install transformers==4.38.1
pip3.12 install sentencepiece==0.2.0
pip3.12 install torch

cd /home/oracle/
mkdir ./oml4py

..copy the client directory from the oml4py.zip file to here 

it was unzipped to /home/oracle/ext-data/ml-downloads/oml4py
I like windows, so I use the files application to do this


cd /home/oracle/oml4py/client
ls

--run the perl installer

perl -Iclient ./client.pl -i --ask

[oracle@localhost client]$ ls
client.pl  oml-2.0-cp312-cp312-linux_x86_64.whl  OML4PInstallShared.pm  oml4py.ver
[oracle@localhost client]$ perl -Iclient ./client.pl -i --ask
Can't locate OML4PInstallShared.pm in @INC (you may need to install the OML4PInstallShared module) 
(@INC contains: client /usr/local/lib64/perl5 /usr/local/share/perl5 /usr/lib64/perl5/vendor_perl /usr/share/perl5/vendor_perl /usr/lib64/perl5 /usr/share/perl5) at ./client.pl line 32.
BEGIN failed--compilation aborted at ./client.pl line 32.

---it works to specify full path to the client.pl script
cd ..
pwd
/home/oracle/oml4py

perl -Iclient /home/oracle/oml4py/client/client.pl -i --ask



python3
>>import oml
>>
If this doesnt work, use -u to uninstall and then reinstall
perl -Iclient /home/oracle/oml4py/client/client.pl -u
perl -Iclient /home/oracle/oml4py/client/client.pl -i --ask


import oml
from oml.utils import EmbeddingModel, EmbeddingModelConfig
EmbeddingModelConfig.show_preconfigured()

[
'sentence-transformers/all-mpnet-base-v2', 
'sentence-transformers/all-MiniLM-L6-v2', 
'sentence-transformers/multi-qa-MiniLM-L6-cos-v1', 
'sentence-transformers/distiluse-base-multilingual-cased-v2', 
'sentence-transformers/all-MiniLM-L12-v2', 
'sentence-transformers/paraphrase-multilingual-mpnet-base-v2', 
'sentence-transformers/stsb-xlm-r-multilingual'
'ProsusAI/finbert', 
'medicalai/ClinicalBERT', 
'BAAI/bge-small-en-v1.5', 
'BAAI/bge-base-en-v1.5', 
'taylorAI/bge-micro-v2', 
'TaylorAI/gte-tiny', 
'prajjwal1/bert-tiny', 
'thenlper/gte-base', 
'thenlper/gte-small', 
'infgrad/stella-base-en-v2', 
'intfloat/e5-small-v2', 
'intfloat/e5-base-v2', 
'intfloat/multilingual-e5-base', 
'intfloat/multilingual-e5-small', 
]


--At this point OML4PY is installed and augmented models can be exported using Python:

--Go to the directory that is created for OML4PY and create an exports directory for models:
cd /home/oracle/oml4py
mkdir ./exports

From this location, run python and export models as augmented onnx files:
cd ./exports

python3

>>import oml
>>from oml.utils import EmbeddingModel, EmbeddingModelConfig
>>em = EmbeddingModel(model_name="sentence-transformers/all-MiniLM-L6-v2")
>>em.export2file("all_MiniLM_L6_v2",output_dir=".")


These can be moved to a directory accessible by the database, or uploaded to object storage for loading to OCI databases.